<?xml version="1.0" encoding="utf-8"?>
<Database Name="SuperCreamDB" xmlns="http://schemas.microsoft.com/linqtosql/mapping/2007">
  <Table Name="dbo.Account" Member="Account">
    <Type Name="Account">
      <Column Name="ID" Member="ID" DbType="Int NOT NULL IDENTITY" IsPrimaryKey="true" IsDbGenerated="true" AutoSync="OnInsert" />
      <Column Name="ContactDetailID" Member="ContactDetailID" Storage="_ContactDetailID" DbType="Int" />
      <Column Name="InvoiceAddressID" Member="InvoiceAddressID" Storage="_InvoiceAddressID" DbType="Int" />
      <Column Name="CustomerID" Member="CustomerID" Storage="_CustomerID" DbType="Int" />
      <Column Name="TermTypeID" Member="TermTypeID" Storage="_TermTypeID" DbType="Int" />
      <Column Name="AlphaID" Member="AlphaID" Storage="_AlphaID" DbType="VarChar(20)" />
      <Column Name="CompanyToInvoiceTo" Member="CompanyToInvoiceTo" Storage="_CompanyToInvoiceTo" DbType="VarChar(128)" />
      <Association Name="FK_Account_Address" Member="Address" Storage="_Address" ThisKey="InvoiceAddressID" OtherKey="ID" IsForeignKey="true" />
      <Association Name="FK_Account_Customer" Member="Customer" Storage="_Customer" ThisKey="CustomerID" OtherKey="ID" IsForeignKey="true" />
      <Association Name="FK_Account_Terms" Member="Terms" Storage="_Terms" ThisKey="TermTypeID" OtherKey="ID" IsForeignKey="true" />
      <Association Name="FK_Invoice_Account" Member="InvoiceHeader" Storage="_InvoiceHeader" ThisKey="ID" OtherKey="AccountID" DeleteRule="NO ACTION" />
      <Association Name="FK_SpecialInvoiceHeader_Account" Member="SpecialInvoiceHeader" Storage="_SpecialInvoiceHeader" ThisKey="ID" OtherKey="AccountID" DeleteRule="NO ACTION" />
    </Type>
  </Table>
  <Table Name="dbo.Address" Member="Address">
    <Type Name="Address">
      <Column Name="ID" Member="ID" DbType="Int NOT NULL IDENTITY" IsPrimaryKey="true" IsDbGenerated="true" AutoSync="OnInsert" />
      <Column Name="AddressType" Member="AddressType" DbType="SmallInt" />
      <Column Name="AddressLines" Member="AddressLines" DbType="VarChar(512)" />
      <Column Name="Town" Member="Town" DbType="VarChar(50)" />
      <Column Name="County" Member="County"  DbType="VarChar(50)" />
      <Column Name="PostCode" Member="PostCode" DbType="VarChar(8)" />
      <Column Name="MapReference" Member="MapReference" DbType="VarChar(50)" />
      <Association Name="FK_FoundationFacility_Address" Member="FoundationFacility"  ThisKey="ID" OtherKey="AddressID" DeleteRule="NO ACTION" />
      <Association Name="FK_Account_Address" Member="Account"  ThisKey="ID" OtherKey="InvoiceAddressID" DeleteRule="NO ACTION" />
      <Association Name="FK_Outlet_Address" Member="Outlet"  ThisKey="ID" OtherKey="AddressID" DeleteRule="NO ACTION" />
    </Type>
  </Table>
  <Table Name="dbo.AutoGen" Member="AutoGen">
    <Type Name="AutoGen">
      <Column Name="ID" Member="ID" DbType="Int NOT NULL" />
      <Column Name="Type" Member="Type" Storage="_Type" DbType="VarChar(3) NOT NULL" IsPrimaryKey="true" />
    </Type>
  </Table>
  <Table Name="dbo.ContactDetail" Member="ContactDetail">
    <Type Name="ContactDetail">
      <Column Name="ID" Member="ID"  DbType="Int NOT NULL IDENTITY" IsPrimaryKey="true" IsDbGenerated="true" AutoSync="OnInsert" />
      <Column Name="CustomerID" Member="CustomerID" Storage="_CustomerID" DbType="Int" />
      <Column Name="ShopID" Member="ShopID" Storage="_ShopID" DbType="Int" />
      <Column Name="JobRole" Member="JobRole" Storage="_JobRole" DbType="VarChar(50)" />
      <Column Name="Title" Member="Title" Storage="_Title" DbType="VarChar(50)" />
      <Column Name="FirstName" Member="FirstName" Storage="_FirstName" DbType="VarChar(50)" />
      <Column Name="LastName" Member="LastName" Storage="_LastName" DbType="VarChar(50)" />
      <Column Name="EMailAddress" Member="EMailAddress" Storage="_EMailAddress" DbType="VarChar(50)" />
      <Column Name="InitialNote" Member="InitialNote" Storage="_InitialNote" DbType="VarChar(8000)" />
      <Association Name="FK_ContactDetail_Customer" Member="Customer" Storage="_Customer" ThisKey="CustomerID" OtherKey="ID" IsForeignKey="true" />
      <Association Name="FK_Phone_ContactDetail" Member="Phone" Storage="_Phone" ThisKey="ID" OtherKey="ContactDetailID" DeleteRule="NO ACTION" />
    </Type>
  </Table>
  <Table Name="dbo.CreditNote" Member="CreditNote">
    <Type Name="CreditNote">
      <Column Name="ID" Member="ID" DbType="Int NOT NULL IDENTITY" IsPrimaryKey="true" IsDbGenerated="true" AutoSync="OnInsert" />
      <Column Name="OrderID" Member="OrderID" Storage="_OrderID" DbType="Int" />
      <Column Name="CreditAmount" Member="CreditAmount" Storage="_CreditAmount" DbType="Decimal(18,2)" />
      <Column Name="Reason" Member="Reason" Storage="_Reason" DbType="NVarChar(MAX)" UpdateCheck="Never" />
      <Column Name="DateCreated" Member="DateCreated" Storage="_DateCreated" DbType="DateTime" UpdateCheck="Never" />
      <Column Name="Reference" Member="Reference" Storage="_Reference" DbType="NVarChar(255)" UpdateCheck="Never" />
      <Column Name="VatExempt" Member="VatExempt" Storage="_VatExempt" DbType="Bit" />
      <Column Name="DueDate" Member="DueDate" Storage="_DueDate" DbType="DateTime" />
      <Association Name="FK_CreditNote_OrderHeader" Member="OrderHeader" Storage="_OrderHeader" ThisKey="OrderID" OtherKey="ID" IsForeignKey="true" />
    </Type>
  </Table>
  <Table Name="dbo.Customer" Member="Customer">
    <Type Name="Customer">
      <Column Name="ID" Member="ID" DbType="Int NOT NULL IDENTITY" IsPrimaryKey="true" IsDbGenerated="true" AutoSync="OnInsert" />
      <Column Name="Name" Member="Name" Storage="_Name" DbType="VarChar(50)" />
      <Column Name="VatRegistrationNumber" Member="VatRegistrationNumber" Storage="_VatRegistrationNumber" DbType="VarChar(25)" />
      <Column Name="PriceListHeaderID" Member="PriceListHeaderID" Storage="_PriceListHeaderID" CanBeNull="true" DbType="int" />
      <Association Name="FK_OutletStore_Customer" Member="OutletStore" Storage="_OutletStore" ThisKey="ID" OtherKey="CustomerID" DeleteRule="NO ACTION" />
      <Association Name="FK_Account_Customer" Member="Account" Storage="_Account" ThisKey="ID" OtherKey="CustomerID" DeleteRule="NO ACTION" />
      <Association Name="FK_ContactDetail_Customer" Member="ContactDetail" Storage="_ContactDetail" ThisKey="ID" OtherKey="CustomerID" DeleteRule="NO ACTION" />
      <Association Name="FK_Note_Customer" Member="Note" Storage="_Note" ThisKey="ID" OtherKey="ParentNoteID" DeleteRule="NO ACTION" />
      <Association Name="FK_Order_Customer" Member="OrderHeader" Storage="_OrderHeader" ThisKey="ID" OtherKey="CustomerID" DeleteRule="NO ACTION" />
      <Association Name="FK_PriceList_Customer" Member="PriceListHeader" Storage="_PriceListHeader" ThisKey="PriceListHeaderID" OtherKey="ID" DeleteRule="NO ACTION" />

    </Type>
  </Table>
  <Table Name="dbo.DeliveryItem" Member="DeliveryItem">
    <Type Name="DeliveryItem">
      <Column Name="ID" Member="ID" DbType="Int NOT NULL IDENTITY" IsPrimaryKey="true" IsDbGenerated="true" AutoSync="OnInsert" />
      <Column Name="VanID" Member="VanID" Storage="_VanID" DbType="Int" />
      <Column Name="InvoiceItemID" Member="InvoiceItemID" Storage="_InvoiceItemID" DbType="Int" />
      <Column Name="DriverName" Member="DriverName" Storage="_DriverName" DbType="VarChar(50)" />
      <Column Name="DeliveryDate" Member="DeliveryDate" Storage="_DeliveryDate" DbType="DateTime" />
      <Column Name="NextDeliveryDate" Member="NextDeliveryDate" Storage="_NextDeliveryDate" DbType="DateTime" />
      <Column Name="DeliveryComplete" Member="DeliveryComplete" Storage="_DeliveryComplete" DbType="Bit" />
      <Association Name="FK_DeliveryItem_InvoiceItem" Member="InvoiceItem" Storage="_InvoiceItem" ThisKey="InvoiceItemID" OtherKey="ID" IsForeignKey="true" />
    </Type>
  </Table>
  <Table Name="dbo.FoundationFacility" Member="FoundationFacility">
    <Type Name="FoundationFacility">
      <Column Name="ID" Member="ID" DbType="Int NOT NULL IDENTITY" IsPrimaryKey="true" IsDbGenerated="true" AutoSync="OnInsert" />
      <Column Name="AddressID" Member="AddressID" Storage="_AddressID" DbType="Int" />
      <Column Name="CompanyName" Member="CompanyName" Storage="_CompanyName" DbType="VarChar(50)" />
      <Column Name="VatRegistrationNumber" Member="VatRegistrationNumber" Storage="_VatRegistrationNumber" DbType="VarChar(50)" />
      <Column Name="OfficePhoneNumber1" Member="OfficePhoneNumber1" Storage="_OfficePhoneNumber1" DbType="VarChar(50)" />
      <Column Name="OfficePhoneNumber2" Member="OfficePhoneNumber2" Storage="_OfficePhoneNumber2" DbType="VarChar(50)" />
      <Column Name="EMailAddress" Member="EMailAddress" Storage="_EMailAddress" DbType="VarChar(150)" />
      <Association Name="FK_FoundationFacility_Address" Member="Address" ThisKey="AddressID" OtherKey="ID" IsForeignKey="true" />
    </Type>
  </Table>
  <Table Name="dbo.InvoiceHeader" Member="InvoiceHeader">
    <Type Name="InvoiceHeader">
      <Column Name="ID" Member="ID"  DbType="Int NOT NULL IDENTITY" IsPrimaryKey="true" IsDbGenerated="true" AutoSync="OnInsert" />
      <Column Name="AccountID" Member="AccountID" Storage="_AccountID" DbType="Int" />
      <Column Name="InvoiceTermsID" Member="InvoiceTermsID" Storage="_InvoiceTermsID" DbType="Int" />
      <Column Name="InvoiceType" Member="InvoiceType" Storage="_InvoiceType" DbType="SmallInt" />
      <Column Name="AlphaPrefixOrPostFix" Member="AlphaPrefixOrPostFix" Storage="_AlphaPrefixOrPostFix" DbType="SmallInt" />
      <Column Name="AlphaID" Member="AlphaID" Storage="_AlphaID" DbType="VarChar(20)" />
      <Column Name="InvoiceDate" Member="InvoiceDate" Storage="_InvoiceDate" DbType="DateTime" />
      <Column Name="SpecialInstructions" Member="SpecialInstructions" Storage="_SpecialInstructions" DbType="VarChar(8000)" />
      <Association Name="FK_Invoice_Account" Member="Account" Storage="_Account" ThisKey="AccountID" OtherKey="ID" IsForeignKey="true" />
      <Association Name="FK_Invoice_Terms" Member="Terms" Storage="_Terms" ThisKey="InvoiceTermsID" OtherKey="ID" IsForeignKey="true" />
      <Association Name="FK_InvoiceItem_Invoice" Member="InvoiceItem" Storage="_InvoiceItem" ThisKey="ID" OtherKey="InvoiceID" DeleteRule="NO ACTION" />
    </Type>
  </Table>
  <Table Name="dbo.InvoiceItem" Member="InvoiceItem">
    <Type Name="InvoiceItem">
      <Column Name="ID" Member="ID" DbType="Int NOT NULL IDENTITY" IsPrimaryKey="true" IsDbGenerated="true" AutoSync="OnInsert" />
      <Column Name="InvoiceID" Member="InvoiceID" Storage="_InvoiceID" DbType="Int" />
      <Column Name="OrderLineID" Member="OrderLineID" Storage="_OrderLineID" DbType="Int" />
      <Column Name="ProductDescription" Member="ProductDescription" Storage="_ProductDescription" DbType="VarChar(150)" />
      <Column Name="NoOfUnits" Member="NoOfUnits" Storage="_NoOfUnits" DbType="Int" />
      <Column Name="QtyPerUnit" Member="QtyPerUnit" Storage="_QtyPerUnit" DbType="Float" />
      <Column Name="PricePerUnit" Member="PricePerUnit" Storage="_PricePerUnit" DbType="Decimal(10,2)" />
      <Column Name="RRP" Member="RRP" Storage="_RRP" DbType="Decimal(10,2)" />
      <Association Name="FK_DeliveryItem_InvoiceItem" Member="DeliveryItem" Storage="_DeliveryItem" ThisKey="ID" OtherKey="InvoiceItemID" DeleteRule="NO ACTION" />
      <Association Name="FK_InvoiceItem_Invoice" Member="InvoiceHeader" Storage="_InvoiceHeader" ThisKey="InvoiceID" OtherKey="ID" IsForeignKey="true" />
      <Association Name="FK_InvoiceItem_OrderLine" Member="OrderLine" Storage="_OrderLine" ThisKey="OrderLineID" OtherKey="ID" IsForeignKey="true" />
    </Type>
  </Table>
  <Table Name="dbo.Note" Member="Note">
    <Type Name="Note">
      <Column Name="ID" Member="ID"  DbType="Int NOT NULL IDENTITY" IsPrimaryKey="true" IsDbGenerated="true" AutoSync="OnInsert" />
      <Column Name="ParentNoteID" Member="ParentNoteID" Storage="_ParentNoteID" DbType="Int" />
      <Column Name="DateNoteTaken" Member="DateNoteTaken" Storage="_DateNoteTaken" DbType="DateTime" />
      <Column Name="SpokeTo" Member="SpokeTo" Storage="_SpokeTo" DbType="VarChar(50)" />
      <Column Name="NoteText" Member="NoteText" Storage="_NoteText" DbType="VarChar(8000)" />
      <Association Name="FK_Note_Customer" Member="Customer" Storage="_Customer" ThisKey="ParentNoteID" OtherKey="ID" IsForeignKey="true" />
      <Association Name="FK_Note_Order" Member="OrderHeader" Storage="_OrderHeader" ThisKey="ParentNoteID" OtherKey="ID" IsForeignKey="true" />
    </Type>
  </Table>
  <Table Name="dbo.OrderHeader" Member="OrderHeader">
    <Type Name="OrderHeader">
      <Column Name="ID" Member="ID" DbType="Int NOT NULL IDENTITY" IsPrimaryKey="true" IsDbGenerated="true" AutoSync="OnInsert" />
      <Column Name="VatCodeID" Member="VatCodeID" Storage="_VatCodeID" DbType="Int" />
      <Column Name="CustomerID" Member="CustomerID" Storage="_CustomerID" DbType="Int" />
      <Column Name="AlphaPrefixOrPostFix" Member="AlphaPrefixOrPostFix" Storage="_AlphaPrefixOrPostFix" DbType="SmallInt" />
      <Column Name="AlphaID" Member="AlphaID" Storage="_AlphaID" DbType="VarChar(20)" />
      <Column Name="OrderDate" Member="OrderDate" Storage="_OrderDate" DbType="DateTime" />
      <Column Name="DeliveryDate" Member="DeliveryDate" Storage="_DeliveryDate" DbType="DateTime" />
      <Column Name="OrderStatus" Member="OrderStatus" Storage="_OrderStatus" DbType="SmallInt" />
      <Column Name="SpecialInstructions" Member="SpecialInstructions" Storage="_SpecialInstructions" DbType="VarChar(8000)" />
      <Column Name="InvoiceNo" Member="InvoiceNo" Storage="_InvoiceNo" DbType="VarChar(50)" />
      <Column Name="InvoiceProformaNo" Member="InvoiceProformaNo" Storage="_InvoiceProformaNo" DbType="VarChar(50)" />
      <Column Name="DeliveryNoteNo" Member="DeliveryNoteNo" Storage="_DeliveryNoteNo" DbType="VarChar(50)" />
      <Column Name="ReasonForVoiding" Member="ReasonForVoiding" Storage="_ReasonForVoiding" DbType="VarChar(MAX)" UpdateCheck="Never" />
      <Column Name="LastModifiedDate" Member="LastModifiedDate" Storage="_LastModifiedDate" DbType="DateTime" />
      <Association Name="FK_CreditNote_OrderHeader" Member="CreditNote" Storage="_CreditNote" ThisKey="ID" OtherKey="OrderID" DeleteRule="NO ACTION" />
      <Association Name="FK_Order_Customer" Member="Customer" Storage="_Customer" ThisKey="CustomerID" OtherKey="ID" IsForeignKey="true" />
      <Association Name="FK_OrderCreditNote_OrderHeader" Member="OrderCreditNote" Storage="_OrderCreditNote" ThisKey="ID" OtherKey="OrderID" DeleteRule="NO ACTION" />
      <Association Name="FK_OrderHeader_VatCode" Member="VatCode" Storage="_VatCode" ThisKey="VatCodeID" OtherKey="ID" IsForeignKey="true" />
      <Association Name="FK_OrderLine_Order" Member="OrderLine" Storage="_OrderLine" ThisKey="ID" OtherKey="OrderID" DeleteRule="NO ACTION" />
      <Association Name="FK_OrderNotesStatus_OrderHeader" Member="OrderNotesStatus" Storage="_OrderNotesStatus" ThisKey="ID" OtherKey="OrderID" DeleteRule="NO ACTION" />
    </Type>
  </Table>
  <Table Name="dbo.OrderCreditNote" Member="OrderCreditNote">
    <Type Name="OrderCreditNote">
      <Column Name="ID" Member="ID" DbType="Int NOT NULL IDENTITY" IsPrimaryKey="true" IsDbGenerated="true" AutoSync="OnInsert" />
      <Column Name="OrderID" Member="OrderID" Storage="_OrderID" DbType="Int" />
      <Column Name="Reason" Member="Reason" Storage="_Reason" DbType="NText" UpdateCheck="Never" />
      <Column Name="DateCreated" Member="DateCreated" Storage="_DateCreated" DbType="DateTime" />
      <Column Name="Reference" Member="Reference" Storage="_Reference" DbType="VarChar(255)" />
      <Column Name="DueDate" Member="DueDate" Storage="_DueDate" DbType="DateTime" />
      <Association Name="FK_OrderCreditNote_OrderHeader" Member="OrderHeader" Storage="_OrderHeader" ThisKey="OrderID" OtherKey="ID" IsForeignKey="true" />
      <Association Name="FK_OrderCreditNoteLine_OrderCreditNote" Member="OrderCreditNoteLine" Storage="_OrderCreditNoteLine" ThisKey="ID" OtherKey="OrderCreditNoteID" DeleteRule="NO ACTION" />
    </Type>
  </Table>
  <Table Name="dbo.OrderCreditNoteLine" Member="OrderCreditNoteLine">
    <Type Name="OrderCreditNoteLine">
      <Column Name="ID" Member="ID" DbType="Int NOT NULL IDENTITY" IsPrimaryKey="true" IsDbGenerated="true" AutoSync="OnInsert" />
      <Column Name="OrderCreditNoteID" Member="OrderCreditNoteID" Storage="_OrderCreditNoteID" DbType="Int" />
      <Column Name="OrderLineID" Member="OrderLineID" Storage="_OrderLineID" DbType="Int" />
      <Column Name="ProductID" Member="ProductID" Storage="_ProductID" DbType="Int" />
      <Column Name="QtyPerUnit" Member="QtyPerUnit" Storage="_QtyPerUnit" DbType="Int" />
      <Column Name="NoOfUnits" Member="NoOfUnits" Storage="_NoOfUnits" DbType="Int" />
      <Column Name="Discount" Member="Discount" Storage="_Discount" DbType="Float" />
      <Column Name="Price" Member="Price" Storage="_Price" DbType="Decimal(10,2)" />
      <Association Name="FK_OrderCreditNoteLine_OrderCreditNote" Member="OrderCreditNote" Storage="_OrderCreditNote" ThisKey="OrderCreditNoteID" OtherKey="ID" IsForeignKey="true" />
      <Association Name="FK_OrderCreditNoteLine_Product" Member="Product" Storage="_Product" ThisKey="ProductID" OtherKey="ID" IsForeignKey="true" />
    </Type>
  </Table>
  <Table Name="dbo.OrderLine" Member="OrderLine">
    <Type Name="OrderLine">
      <Column Name="ID" Member="ID"  DbType="Int NOT NULL IDENTITY" IsPrimaryKey="true" IsDbGenerated="true" AutoSync="OnInsert" />
      <Column Name="OrderID" Member="OrderID" Storage="_OrderID" DbType="Int" />
      <Column Name="ProductID" Member="ProductID" Storage="_ProductID" DbType="Int" />
      <Column Name="OrderLineStatus" Member="OrderLineStatus" Storage="_OrderLineStatus" DbType="SmallInt" />
      <Column Name="QtyPerUnit" Member="QtyPerUnit" Storage="_QtyPerUnit" DbType="Int" />
      <Column Name="NoOfUnits" Member="NoOfUnits" Storage="_NoOfUnits" DbType="Int" />
      <Column Name="Discount" Member="Discount" Storage="_Discount" DbType="Float" />
      <Column Name="Price" Member="Price" Storage="_Price" DbType="Decimal(10,2)" />
      <Column Name="SpecialInstructions" Member="SpecialInstructions" Storage="_SpecialInstructions" DbType="varchar(8000)" />
      <Column Name="RRPPerItem" Member="RRPPerItem" Storage="_RRPPerItem" DbType="Decimal(10,2)" />
      <Association Name="FK_InvoiceItem_OrderLine" Member="InvoiceItem" Storage="_InvoiceItem" ThisKey="ID" OtherKey="OrderLineID" DeleteRule="NO ACTION" />
      <Association Name="FK_OrderLine_Order" Member="OrderHeader" Storage="_OrderHeader" ThisKey="OrderID" OtherKey="ID" IsForeignKey="true" />
      <Association Name="FK_OrderLine_Product" Member="Product" Storage="_Product" ThisKey="ProductID" OtherKey="ID" IsForeignKey="true" />
    </Type>
  </Table>
  <Table Name="dbo.OrderNotesStatus" Member="OrderNotesStatus">
    <Type Name="OrderNotesStatus">
      <Column Name="ID" Member="ID" DbType="Int NOT NULL IDENTITY" IsPrimaryKey="true" IsDbGenerated="true" AutoSync="OnInsert" />
      <Column Name="OrderID" Member="OrderID" Storage="_OrderID" DbType="Int" />
      <Column Name="AccountID" Member="AccountID" Storage="_AccountID" DbType="Int" />
      <Column Name="OutletStoreID" Member="OutletStoreID" Storage="_OutletStoreID" DbType="Int" />
      <Column Name="VanID" Member="VanID" Storage="_VanID" DbType="Int" />
      <Column Name="DeliveryNotePrinted" Member="DeliveryNotePrinted" Storage="_DeliveryNotePrinted" DbType="Bit NOT NULL" />
      <Column Name="InvoicePrinted" Member="InvoicePrinted" Storage="_InvoicePrinted" DbType="Bit" />
      <Column Name="InvoiceReprinted" Member="InvoiceReprinted" Storage="_InvoiceReprinted" DbType="Bit" />
      <Column Name="InvoiceProformaPrinted" Member="InvoiceProformaPrinted" Storage="_InvoiceProformaPrinted" DbType="Bit" />
      <Column Name="InvoicePaymentComplete" Member="InvoicePaymentComplete" Storage="_InvoicePaymentComplete" DbType="Bit" />
      <Column Name="PicklistGenerated" Member="PicklistGenerated" Storage="_PicklistGenerated" DbType="Bit" />
      <Column Name="DeliveryNoteDatePrinted" Member="DeliveryNoteDatePrinted" Storage="_DeliveryNoteDatePrinted" DbType="DateTime" />
      <Column Name="InvoiceProformaDatePrinted" Member="InvoiceProformaDatePrinted" Storage="_InvoiceProformaDatePrinted" DbType="DateTime" />
      <Column Name="InvoiceDatePrinted" Member="InvoiceDatePrinted" Storage="_InvoiceDatePrinted" DbType="DateTime" />
      <Column Name="InvoiceDateReprinted" Member="InvoiceDateReprinted" Storage="_InvoiceDateReprinted" DbType="DateTime" />
      <Column Name="PicklistDateGenerated" Member="PicklistDateGenerated" Storage="_PicklistDateGenerated" DbType="DateTime" />
      <Column Name="InvoicePaymentComplete" Member="InvoicePaymentComplete" Storage="_InvoicePaymentComplete" DbType="Bit" />
      <Column Name="InvoiceDateCreated" Member="InvoiceDateCreated" Storage="_InvoiceDateCreated" DbType="DateTime" />
      <Column Name="DeliveryNoteDateCreated" Member="DeliveryNoteDateCreated" Storage="_DeliveryNoteDateCreated" DbType="DateTime" />
      <Column Name="InvoiceProformaDateCreated" Member="InvoiceProformaDateCreated" Storage="_InvoiceProformaDateCreated" DbType="DateTime" />
      <Association Name="FK_OrderNotesStatus_Van" Member="Van" ThisKey="VanID" OtherKey="ID" IsForeignKey="true" />
    </Type>
  </Table>
  <Table Name="dbo.OutletStore" Member="OutletStore">
    <Type Name="OutletStore">
      <Column Name="ID" Member="ID" IsPrimaryKey="true" DbType="Int NOT NULL IDENTITY" IsDbGenerated="true" AutoSync="OnInsert" />
      <Column Name="CustomerID" Member="CustomerID" Storage="_CustomerID" DbType="Int" />
      <Column Name="AddressID" Member="AddressID" Storage="_AddressID" DbType="Int" />
      <Column Name="Name" Member="Name" Storage="_Name" DbType="NVarChar(150)" />
      <Column Name="OpeningHoursNotes" Member="OpeningHoursNotes" Storage="_OpeningHoursNotes" DbType="VarChar(512)" />
      <Column Name="Note" Member="Note" Storage="_Note" DbType="VarChar(8000)" />
      <Association Name="FK_OutletStore_Customer" Member="Customer" Storage="_Customer" ThisKey="CustomerID" OtherKey="ID" IsForeignKey="true" />
      <Association Name="FK_SpecialInvoiceHeader_OutletStore" Member="SpecialInvoiceHeader" Storage="_SpecialInvoiceHeader" ThisKey="ID" OtherKey="OutletStoreID" DeleteRule="NO ACTION" />
    </Type>
  </Table>
  <Table Name="dbo.Phone" Member="Phone">
    <Type Name="Phone">
      <Column Name="ID" Member="ID" DbType="Int NOT NULL IDENTITY" IsPrimaryKey="true" IsDbGenerated="true" AutoSync="OnInsert" />
      <Column Name="ContactDetailID" Member="ContactDetailID" Storage="_ContactDetailID" DbType="Int" />
      <Column Name="PhoneTypeID" Member="PhoneTypeID" Storage="_PhoneTypeID" DbType="Int" />
      <Column Name="Description" Member="Description" Storage="_Description" DbType="VarChar(20)" />
      <Association Name="FK_Phone_ContactDetail" Member="ContactDetail" Storage="_ContactDetail" ThisKey="ContactDetailID" OtherKey="ID" IsForeignKey="true" />
      <Association Name="FK_Phone_PhoneNoType" Member="PhoneNoType" Storage="_PhoneNoType" ThisKey="PhoneTypeID" OtherKey="ID" IsForeignKey="true" />
    </Type>
  </Table>
  <Table Name="dbo.PhoneNoType" Member="PhoneNoType">
    <Type Name="PhoneNoType">
      <Column Name="ID" Member="ID" DbType="Int NOT NULL IDENTITY" IsPrimaryKey="true" IsDbGenerated="true" AutoSync="OnInsert" />
      <Column Name="Description" Member="Description" Storage="_Description" DbType="VarChar(20)" />
      <Association Name="FK_Phone_PhoneNoType" Member="Phone" Storage="_Phone" ThisKey="ID" OtherKey="PhoneTypeID" DeleteRule="NO ACTION" />
    </Type>
  </Table>
  <Table Name="dbo.PriceListHeader" Member="PriceListHeader">
    <Type Name="PriceListHeader">
      <Column Name="ID" Member="ID" DbType="Int NOT NULL IDENTITY" IsPrimaryKey="true" IsDbGenerated="true" AutoSync="OnInsert" />
      <Column Name="PriceListName" Member="PriceListName" Storage="_PriceListName" DbType="varchar(50)" />
      <Column Name="DateEffectiveFrom" Member="DateEffectiveFrom" Storage="_DateEffectiveFrom" DbType="DateTime" />
      <Column Name="DateEffectiveTo" Member="DateEffectiveTo" Storage="_DateEffectiveTo" DbType="DateTime" />
      <Association Name="FK_PriceList_Customer" Member="Customer" Storage="_Customer" ThisKey="ID" OtherKey="PriceListItemID" IsForeignKey="true" />
      <Association Name="FK_PriceListItem_PriceList" Member="PriceListItem" Storage="_PriceListItem" ThisKey="ID" OtherKey="PriceListHeaderID" DeleteRule="NO ACTION" />
    </Type>
  </Table>
  <Table Name="dbo.PriceListItem" Member="PriceListItem">
    <Type Name="PriceListItem">
      <Column Name="ID" Member="ID" DbType="Int NOT NULL IDENTITY" IsPrimaryKey="true" IsDbGenerated="true" AutoSync="OnInsert" />
      <Column Name="PriceListID" Member="PriceListID" Storage="_PriceListID" DbType="Int" />
      <Column Name="ProductID" Member="ProductID" Storage="_ProductID" DbType="Int" />
      <Column Name="Discount" Member="Discount" Storage="_Discount" DbType="Decimal(10,2)" />
      <Association Name="FK_PriceListItem_PriceList" Member="PriceListHeader" Storage="_PriceListHeader" ThisKey="PriceListID" OtherKey="ID" IsForeignKey="true" />
      <Association Name="FK_PriceListItem_Product" Member="Product" Storage="_Product" ThisKey="ProductID" OtherKey="ID" IsForeignKey="true" />
    </Type>
  </Table>
  <Table Name="dbo.Product" Member="Product">
    <Type Name="Product">
      <Column Name="ID" Member="ID" DbType="Int NOT NULL IDENTITY" IsPrimaryKey="true" IsDbGenerated="true" AutoSync="OnInsert" />
      <Column Name="ProductCode" Member="ProductCode" Storage="_ProductCode" DbType="VarChar(10)" />
      <Column Name="Description" Member="Description" Storage="_Description" DbType="VarChar(150)" />
      <Column Name="UnitQty" Member="UnitQty" Storage="_UnitQty" DbType="Int" />
      <Column Name="UnitPrice" Member="UnitPrice" Storage="_UnitPrice" DbType="Decimal(10,2)" />
      <Column Name="RRPPerItem" Member="RRPPerItem" Storage="_RRPPerItem" DbType="Decimal(10,2)" />
      <Column Name="VatExempt" Member="VatExempt" Storage="_VatExempt" DbType="Bit" />
      <Association Name="FK_OrderCreditNoteLine_Product" Member="OrderCreditNoteLine" Storage="_OrderCreditNoteLine" ThisKey="ID" OtherKey="ProductID" DeleteRule="NO ACTION" />
      <Association Name="FK_OrderLine_Product" Member="OrderLine" Storage="_OrderLine" ThisKey="ID" OtherKey="ProductID" DeleteRule="NO ACTION" />
      <Association Name="FK_PriceListItem_Product" Member="PriceListItem" Storage="_PriceListItem" ThisKey="ID" OtherKey="ProductID" DeleteRule="NO ACTION" />
    </Type>
  </Table>
  <Table Name="dbo.SpecialInvoiceHeader" Member="SpecialInvoiceHeader">
    <Type Name="SpecialInvoiceHeader">
      <Column Name="ID" Member="ID" DbType="Int NOT NULL IDENTITY" IsPrimaryKey="true" IsDbGenerated="true" AutoSync="OnInsert" />
      <Column Name="CustomerID" Member="CustomerID" Storage="_CustomerID" DbType="Int" />
      <Column Name="AccountID" Member="AccountID" Storage="_AccountID" DbType="Int" />
      <Column Name="VatCodeID" Member="VatCodeID" Storage="_VatCodeID" DbType="Int" />
      <Column Name="OutletStoreID" Member="OutletStoreID" Storage="_OutletStoreID" DbType="Int" />
      <Column Name="AlphaPrefixOrPostFix" Member="AlphaPrefixOrPostFix" Storage="_AlphaPrefixOrPostFix" DbType="SmallInt" />
      <Column Name="AlphaID" Member="AlphaID" Storage="_AlphaID" DbType="VarChar(20)" />
      <Column Name="OrderDate" Member="OrderDate" Storage="_OrderDate" DbType="DateTime" />
      <Column Name="DeliveryDate" Member="DeliveryDate" Storage="_DeliveryDate" DbType="DateTime" />
      <Column Name="OrderStatus" Member="OrderStatus" Storage="_OrderStatus" DbType="SmallInt" />
      <Column Name="SpecialInstructions" Member="SpecialInstructions" Storage="_SpecialInstructions" DbType="VarChar(8000)" />
      <Column Name="InvoiceNo" Member="InvoiceNo" Storage="_InvoiceNo" DbType="VarChar(50)" />
      <Column Name="DatePrinted" Member="DatePrinted" Storage="_DatePrinted" DbType="DateTime" />
      <Column Name="DateReprinted" Member="DateReprinted" Storage="_DateReprinted" DbType="DateTime" />
      <Column Name="DateCreated" Member="DateCreated" Storage="_DateCreated" DbType="DateTime" />
      <Column Name="DateModified" Member="DateModified" Storage="_DateModified" DbType="DateTime" />
      <Column Name="ReasonForVoiding" Member="ReasonForVoiding" Storage="_ReasonForVoiding" DbType="VarChar(MAX)" UpdateCheck="Never" />
      <Association Name="FK_SpecialInvoiceHeader_Account" Member="Account" Storage="_Account" ThisKey="AccountID" OtherKey="ID" IsForeignKey="true" />
      <Association Name="FK_SpecialInvoiceHeader_Customer" Member="Customer" Storage="_Customer" ThisKey="CustomerID" OtherKey="ID" IsForeignKey="true" />
      <Association Name="FK_SpecialInvoiceHeader_OutletStore" Member="OutletStore" Storage="_OutletStore" ThisKey="OutletStoreID" OtherKey="ID" IsForeignKey="true" />
      <Association Name="FK_SpecialInvoiceHeader_VatCode" Member="VatCode" Storage="_VatCode" ThisKey="VatCodeID" OtherKey="ID" IsForeignKey="true" />
      <Association Name="FK_SpecialInvoiceLines_SpecialInvoiceHeader" Member="SpecialInvoiceLine" Storage="_SpecialInvoiceLine" ThisKey="ID" OtherKey="SpecialInvoiceID" DeleteRule="NO ACTION" />
    </Type>
  </Table>
  <Table Name="dbo.SpecialInvoiceLine" Member="SpecialInvoiceLine">
    <Type Name="SpecialInvoiceLine">
      <Column Name="ID" Member="ID" DbType="Int NOT NULL IDENTITY" IsPrimaryKey="true" IsDbGenerated="true" AutoSync="OnInsert" />
      <Column Name="SpecialInvoiceID" Member="SpecialInvoiceID" Storage="_SpecialInvoiceID" DbType="Int" />
      <Column Name="Description" Member="Description" Storage="_Description" DbType="VarChar(100)" />
      <Column Name="OrderLineStatus" Member="OrderLineStatus" Storage="_OrderLineStatus" DbType="SmallInt" />
      <Column Name="QtyPerUnit" Member="QtyPerUnit" Storage="_QtyPerUnit" DbType="Int" />
      <Column Name="NoOfUnits" Member="NoOfUnits" Storage="_NoOfUnits" DbType="Int" />
      <Column Name="Discount" Member="Discount" Storage="_Discount" DbType="Float" />
      <Column Name="Price" Member="Price" Storage="_Price" DbType="Decimal(10,2)" />
      <Column Name="VatExempt" Member="VatExempt" Storage="_VatExempt" DbType="Bit" />
      <Column Name="SpecialInstructions" Member="SpecialInstructions" Storage="_SpecialInstructions" DbType="VarChar(8000)" />
      <Association Name="FK_SpecialInvoiceLines_SpecialInvoiceHeader" Member="SpecialInvoiceHeader" Storage="_SpecialInvoiceHeader" ThisKey="SpecialInvoiceID" OtherKey="ID" IsForeignKey="true" />
    </Type>
  </Table>
  <Table Name="dbo.StandardVatRate" Member="StandardVatRate">
    <Type Name="StandardVatRate">
      <Column Name="ID" Member="ID" DbType="Int NOT NULL IDENTITY" IsPrimaryKey="true" IsDbGenerated="true" AutoSync="OnInsert" />
      <Column Name="VatCodeID" Member="VatCodeID" Storage="_VatCodeID" DbType="Int" />
      <Association Name="FK_StandardVatRate_VatCode" Member="VatCode" Storage="_VatCode" ThisKey="VatCodeID" OtherKey="ID" IsForeignKey="true" />
    </Type>
  </Table>
  <Table Name="dbo.Terms" Member="Terms">
    <Type Name="Terms">
      <Column Name="ID" Member="ID" DbType="Int NOT NULL IDENTITY" IsPrimaryKey="true" IsDbGenerated="true" AutoSync="OnInsert" />
      <Column Name="Description" Member="Description" Storage="_Description" DbType="VarChar(128)" />
      <Association Name="FK_Account_Terms" Member="Account" Storage="_Account" ThisKey="ID" OtherKey="TermTypeID" DeleteRule="NO ACTION" />
      <Association Name="FK_Invoice_Terms" Member="InvoiceHeader" Storage="_InvoiceHeader" ThisKey="ID" OtherKey="InvoiceTermsID" DeleteRule="NO ACTION" />
    </Type>
  </Table>
  <Table Name="dbo.Van" Member="Van">
    <Type Name="Van">
      <Column Name="ID" Member="ID" DbType="Int NOT NULL IDENTITY" IsPrimaryKey="true" IsDbGenerated="true" AutoSync="OnInsert" />
      <Column Name="Description" Member="Description" Storage="_Description" DbType="VarChar(150)" />
      <Column Name="MaximumReccomendedParcelCount" Member="MaximumReccomendedParcelCount" Storage="_MaximumReccomendedParcelCount" DbType="Int" />
      <Association Name="FK_OrderNotesStatus_Van" Member="OrderNotesStatus" Storage="_OrderNotesStatus" ThisKey="ID" OtherKey="VanID" DeleteRule="NO ACTION" />
    </Type>
  </Table>
  <Table Name="dbo.VatCode" Member="VatCode">
    <Type Name="VatCode">
      <Column Name="ID" Member="ID" DbType="Int NOT NULL IDENTITY" IsPrimaryKey="true" IsDbGenerated="true" AutoSync="OnInsert" />
      <Column Name="Code" Member="Code" Storage="_Code" DbType="VarChar(20)" UpdateCheck="Never" />
      <Column Name="Description" Member="Description" Storage="_Description" DbType="VarChar(150)" UpdateCheck="Never" />
      <Column Name="PercentageValue" Member="PercentageValue" Storage="_PercentageValue" DbType="Real" UpdateCheck="Never" />
      <Column Name="VatExemptible" Member="VatExemptible" Storage="_VatExemptible" DbType="Bit" UpdateCheck="Never" />
      <Column Name="Version" Member="Version" DbType="rowversion" IsDbGenerated="true" IsVersion="true" UpdateCheck="Never" AutoSync="Always" />
      <Association Name="FK_OrderHeader_VatCode" Member="OrderHeader" Storage="_OrderHeader" ThisKey="ID" OtherKey="VatCodeID" DeleteRule="NO ACTION" />
      <Association Name="FK_SpecialInvoiceHeader_VatCode" Member="SpecialInvoiceHeader" Storage="_SpecialInvoiceHeader" ThisKey="ID" OtherKey="VatCodeID" DeleteRule="NO ACTION" />
      <Association Name="FK_StandardVatRate_VatCode" Member="StandardVatRate" Storage="_StandardVatRate" ThisKey="ID" OtherKey="VatCodeID" DeleteRule="NO ACTION" />
    </Type>
  </Table>
</Database>